[31mx[39m Build failed in 130ms
[31merror during build:
[31m[vite]: Rollup failed to resolve import "react-dom/client" from "C:/Users/Rorisang/Downloads/Tshwane-bus-service-pro-main/frontend/src/main.jsx".
This is most likely unintended because it can break your application at runtime.
If you do want to externalize this module explicitly add it to
`build.rollupOptions.external`[31m
    at viteWarn (file:///c:/Users/Rorisang/Downloads/Tshwane-bus-service-pro-main/frontend/node_modules/vite/dist/node/chunks/dep-BK3b2jBa.js:65855:17)
    at onwarn (file:///c:/Users/Rorisang/Downloads/Tshwane-bus-service-pro-main/frontend/node_modules/@vitejs/plugin-react/dist/index.js:90:7)
    at onRollupWarning (file:///c:/Users/Rorisang/Downloads/Tshwane-bus-service-pro-main/frontend/node_modules/vite/dist/node/chunks/dep-BK3b2jBa.js:65885:5)
    at onwarn (file:///c:/Users/Rorisang/Downloads/Tshwane-bus-service-pro-main/frontend/node_modules/vite/dist/node/chunks/dep-BK3b2jBa.js:65550:7)
    at file:///c:/Users/Rorisang/Downloads/Tshwane-bus-service-pro-main/frontend/node_modules/rollup/dist/es/shared/node-entry.js:21452:13
    at Object.logger [as onLog] (file:///c:/Users/Rorisang/Downloads/Tshwane-bus-service-pro-main/frontend/node_modules/rollup/dist/es/shared/node-entry.js:23424:9)
    at ModuleLoader.handleInvalidResolvedId (file:///c:/Users/Rorisang/Downloads/Tshwane-bus-service-pro-main/frontend/node_modules/rollup/dist/es/shared/node-entry.js:22169:26)
    at file:///c:/Users/Rorisang/Downloads/Tshwane-bus-service-pro-main/frontend/node_modules/rollup/dist/es/shared/node-entry.js:22127:26[39m
